---
source: crates/jsona-openapi/tests/tests.rs
expression: output
---
{
  "openapi": "3.0.2",
  "info": {
    "version": "1.0.6-SNAPSHOT",
    "title": "Swagger Petstore - OpenAPI 3.0",
    "description": "\nThis is a sample Pet Store Server based on the OpenAPI 3.0 specification. \nYou can find out more about\n\nSwagger at [http://swagger.io](http://swagger.io). In the third iteration of\nthe pet store, we've switched to the design first approach!\n\nYou can now help us improve the API whether it's by making changes to the\ndefinition itself or to the code.\n\nThat way, with time, we can improve the API in general, and expose some of\nthe new features in OAS3.\n\n\nSome useful links:\n\n- [The Pet Store\nrepository](https://github.com/swagger-api/swagger-petstore)\n\n- [The source API definition for the Pet\nStore](https://github.com/swagger-api/swagger-petstore/blob/master/src/main/resources/openapi.yaml)",
    "termsOfService": "http://swagger.io/terms/",
    "contact": {
      "email": "apiteam@swagger.io"
    },
    "license": {
      "name": "Apache 2.0",
      "url": "http://www.apache.org/licenses/LICENSE-2.0.html"
    }
  },
  "servers": [
    {
      "url": "/v3"
    }
  ],
  "tags": [
    {
      "name": "pet",
      "description": "Everything about your Pets"
    },
    {
      "name": "store",
      "description": "Operations about user"
    },
    {
      "name": "user",
      "description": "Access to Petstore orders"
    }
  ],
  "paths": {
    "/pet": {
      "put": {
        "tags": [
          "pet"
        ],
        "summary": "Update an existing pet",
        "operationId": "updatePet",
        "requestBody": {
          "content": {
            "application/json": {
              "schema": {
                "$ref": "#/components/schemas/Pet"
              }
            }
          },
          "required": true
        },
        "responses": {
          "200": {
            "description": "",
            "content": {
              "application/json": {
                "schema": {
                  "$ref": "#/components/schemas/Pet"
                }
              }
            }
          },
          "400": {
            "description": "Invalid ID supplied",
            "content": {
              "application/json": {
                "schema": {
                  "type": "string"
                }
              }
            }
          },
          "404": {
            "description": "Pet not found",
            "content": {
              "application/json": {
                "schema": {
                  "type": "string"
                }
              }
            }
          },
          "405": {
            "description": "Validation exception",
            "content": {
              "application/json": {
                "schema": {
                  "type": "string"
                }
              }
            }
          }
        },
        "security": [
          {
            "petstore_auth": [
              "write:pets",
              "read:pets"
            ]
          }
        ]
      },
      "post": {
        "tags": [
          "pet"
        ],
        "summary": "Add a new pet to store",
        "operationId": "addPet",
        "requestBody": {
          "content": {
            "application/json": {
              "schema": {
                "$ref": "#/components/schemas/Pet"
              }
            }
          },
          "required": true
        },
        "responses": {
          "200": {
            "description": "",
            "content": {
              "application/json": {
                "schema": {
                  "$ref": "#/components/schemas/Pet"
                }
              }
            }
          }
        },
        "security": [
          {
            "petstore_auth": [
              "write:pets",
              "read:pets"
            ]
          }
        ]
      }
    },
    "/pet/findByStatus": {
      "get": {
        "tags": [
          "pet"
        ],
        "summary": "Finds Pets by status",
        "operationId": "findPetsByStatus",
        "parameters": [
          {
            "name": "status",
            "in": "query",
            "required": false,
            "schema": {
              "type": "string",
              "default": "available",
              "enum": [
                "available",
                "pending",
                "sold"
              ]
            }
          }
        ],
        "responses": {
          "200": {
            "description": "",
            "content": {
              "application/json": {
                "schema": {
                  "type": "array",
                  "items": {
                    "$ref": "#/components/schemas/Pet"
                  }
                }
              }
            }
          }
        },
        "security": [
          {
            "petstore_auth": [
              "write:pets",
              "read:pets"
            ]
          }
        ]
      }
    },
    "/pet/findByTags": {
      "get": {
        "tags": [
          "pet"
        ],
        "summary": "Finds Pets by tags",
        "operationId": "findPetsByTags",
        "parameters": [
          {
            "name": "status",
            "in": "query",
            "required": false,
            "schema": {
              "type": "array",
              "items": {
                "type": "string"
              }
            }
          }
        ],
        "responses": {
          "200": {
            "description": "",
            "content": {
              "application/json": {
                "schema": {
                  "type": "array",
                  "items": {
                    "$ref": "#/components/schemas/Pet"
                  }
                }
              }
            }
          }
        },
        "security": [
          {
            "petstore_auth": [
              "write:pets",
              "read:pets"
            ]
          }
        ]
      }
    },
    "/pet/{petId}": {
      "get": {
        "tags": [
          "pet"
        ],
        "summary": "Find pet by ID",
        "operationId": "getPetById",
        "parameters": [
          {
            "name": "petId",
            "in": "path",
            "required": true,
            "schema": {
              "type": "integer"
            }
          }
        ],
        "responses": {
          "200": {
            "description": "",
            "content": {
              "application/json": {
                "schema": {
                  "$ref": "#/components/schemas/Pet"
                }
              }
            }
          }
        },
        "security": [
          {
            "api_key": [],
            "petstore_auth": [
              "write:pets",
              "read:pets"
            ]
          }
        ]
      },
      "post": {
        "tags": [
          "pet"
        ],
        "summary": "Updates a pet in the store with form data",
        "operationId": "updatePetWithForm",
        "parameters": [
          {
            "name": "petId",
            "in": "path",
            "required": true,
            "schema": {
              "type": "integer"
            }
          },
          {
            "name": "name",
            "in": "query",
            "required": true,
            "schema": {
              "type": "string"
            }
          },
          {
            "name": "status",
            "in": "query",
            "required": true,
            "schema": {
              "type": "string"
            }
          }
        ],
        "responses": {
          "405": {
            "description": "Invalid input",
            "content": {
              "application/json": {
                "schema": {
                  "type": "string"
                }
              }
            }
          }
        },
        "security": [
          {
            "petstore_auth": [
              "write:pets",
              "read:pets"
            ]
          }
        ]
      },
      "delete": {
        "tags": [
          "pet"
        ],
        "summary": "Deletes a pet",
        "operationId": "deletePet",
        "parameters": [
          {
            "name": "petId",
            "in": "path",
            "required": true,
            "schema": {
              "type": "integer"
            }
          },
          {
            "name": "api_key",
            "in": "header",
            "required": true,
            "schema": {
              "type": "string"
            }
          }
        ],
        "responses": {
          "400": {
            "description": "Invalid pet value",
            "content": {
              "application/json": {
                "schema": {
                  "type": "string"
                }
              }
            }
          }
        },
        "security": [
          {
            "petstore_auth": [
              "write:pets",
              "read:pets"
            ]
          }
        ]
      }
    },
    "/pet/{petId}/uploadImage": {
      "post": {
        "tags": [
          "pet"
        ],
        "summary": "Uploads an pet image",
        "operationId": "uploadPetImage",
        "parameters": [
          {
            "name": "petId",
            "in": "path",
            "required": true,
            "schema": {
              "type": "integer"
            }
          },
          {
            "name": "additionalMetadata",
            "in": "query",
            "required": true,
            "schema": {
              "type": "string"
            }
          }
        ],
        "requestBody": {
          "content": {
            "application/octet-stream": {
              "schema": {
                "type": "string",
                "format": "binary"
              }
            }
          },
          "required": true
        },
        "responses": {
          "200": {
            "description": "",
            "content": {
              "application/json": {
                "schema": {
                  "$ref": "#/components/schemas/ApiResponse"
                }
              }
            }
          }
        },
        "security": [
          {
            "petstore_auth": [
              "write:pets",
              "read:pets"
            ]
          }
        ]
      }
    },
    "/store/inventory": {
      "post": {
        "tags": [
          "store"
        ],
        "summary": "Returns pet inventories by status",
        "operationId": "getInventory",
        "x-swagger-router-controller": "OrderController",
        "responses": {
          "200": {
            "description": "",
            "content": {
              "application/json": {
                "schema": {
                  "type": "object",
                  "properties": {
                    "additionalProperties": {
                      "type": "integer"
                    }
                  },
                  "required": [
                    "additionalProperties"
                  ]
                }
              }
            }
          }
        },
        "security": [
          {
            "api_key": []
          }
        ]
      }
    },
    "/store/order": {
      "post": {
        "tags": [
          "store"
        ],
        "summary": "Returns pet inventories by status",
        "operationId": "placeOrder",
        "x-swagger-router-controller": "OrderController",
        "requestBody": {
          "content": {
            "application/json": {
              "schema": {
                "$ref": "#/components/schemas/Order"
              }
            }
          },
          "required": true
        },
        "responses": {
          "200": {
            "description": "",
            "content": {
              "application/json": {
                "schema": {
                  "$ref": "#/components/schemas/Order"
                }
              }
            }
          }
        }
      }
    },
    "/store/order/{orderId}": {
      "get": {
        "tags": [
          "store"
        ],
        "summary": "Find purchase order by ID",
        "operationId": "getOrderById",
        "x-swagger-router-controller": "OrderController",
        "parameters": [
          {
            "name": "orderId",
            "in": "path",
            "required": true,
            "schema": {
              "type": "integer"
            }
          }
        ],
        "responses": {
          "200": {
            "description": "",
            "content": {
              "application/json": {
                "schema": {
                  "$ref": "#/components/schemas/Order"
                }
              }
            }
          },
          "400": {
            "description": "Invalid ID supplied",
            "content": {
              "application/json": {
                "schema": {
                  "type": "string"
                }
              }
            }
          },
          "404": {
            "description": "Order not found",
            "content": {
              "application/json": {
                "schema": {
                  "type": "string"
                }
              }
            }
          }
        }
      },
      "delete": {
        "tags": [
          "store"
        ],
        "summary": "Delete purchase order by ID",
        "operationId": "deleteOrder",
        "x-swagger-router-controller": "OrderController",
        "parameters": [
          {
            "name": "orderId",
            "in": "path",
            "required": true,
            "schema": {
              "type": "integer"
            }
          }
        ],
        "responses": {
          "400": {
            "description": "Invalid ID supplied",
            "content": {
              "application/json": {
                "schema": {
                  "type": "string"
                }
              }
            }
          },
          "404": {
            "description": "Order not found",
            "content": {
              "application/json": {
                "schema": {
                  "type": "string"
                }
              }
            }
          }
        }
      }
    },
    "/user": {
      "post": {
        "tags": [
          "user"
        ],
        "summary": "Create user",
        "operationId": "createUser",
        "requestBody": {
          "content": {
            "application/json": {
              "schema": {
                "$ref": "#/components/schemas/User"
              }
            }
          },
          "required": true
        },
        "responses": {
          "200": {
            "description": "",
            "content": {
              "application/json": {
                "schema": {
                  "$ref": "#/components/schemas/User"
                }
              }
            }
          }
        }
      }
    },
    "/user/createWithList": {
      "post": {
        "tags": [
          "user"
        ],
        "summary": "Create user",
        "operationId": "createUsersWithListInput",
        "requestBody": {
          "content": {
            "application/json": {
              "schema": {
                "type": "array",
                "items": {
                  "$ref": "#/components/schemas/User"
                }
              }
            }
          },
          "required": true
        },
        "responses": {
          "200": {
            "description": "",
            "content": {
              "application/json": {
                "schema": {
                  "$ref": "#/components/schemas/User"
                }
              }
            }
          }
        }
      }
    },
    "/user/login": {
      "get": {
        "tags": [
          "user"
        ],
        "summary": "Logs user into the system",
        "operationId": "loginUser",
        "parameters": [
          {
            "name": "username",
            "in": "query",
            "required": true,
            "schema": {
              "type": "string"
            }
          },
          {
            "name": "password",
            "in": "query",
            "required": true,
            "schema": {
              "type": "string"
            }
          }
        ],
        "responses": {
          "200": {
            "description": "",
            "headers": {
              "X-Rate-Limit": {
                "description": "calls per hour allowed by the user",
                "required": true,
                "schema": {
                  "type": "integer"
                }
              },
              "X-Expires-After": {
                "description": "date in UTC when toekn expires",
                "required": true,
                "schema": {
                  "type": "string",
                  "format": "date-time"
                }
              }
            },
            "content": {
              "application/json": {
                "schema": {
                  "type": "string"
                }
              }
            }
          }
        }
      }
    },
    "/user/logout": {
      "get": {
        "tags": [
          "user"
        ],
        "summary": "Logs out current logged in user session",
        "operationId": "logoutUser",
        "responses": {
          "200": {
            "description": "",
            "content": {
              "application/json": {
                "schema": {
                  "type": "string"
                }
              }
            }
          }
        }
      }
    },
    "/user/{username}": {
      "get": {
        "tags": [
          "user"
        ],
        "summary": "Get user by user name",
        "operationId": "getUserByName",
        "parameters": [
          {
            "name": "username",
            "in": "path",
            "required": true,
            "schema": {
              "type": "string"
            }
          }
        ],
        "responses": {
          "200": {
            "description": "",
            "content": {
              "application/json": {
                "schema": {
                  "$ref": "#/components/schemas/User"
                }
              }
            }
          }
        }
      },
      "put": {
        "tags": [
          "user"
        ],
        "summary": "Update user",
        "operationId": "updateUser",
        "parameters": [
          {
            "name": "username",
            "in": "path",
            "required": true,
            "schema": {
              "type": "string"
            }
          }
        ],
        "requestBody": {
          "content": {
            "application/json": {
              "schema": {
                "$ref": "#/components/schemas/User"
              }
            }
          },
          "required": true
        },
        "responses": {
          "200": {
            "description": "",
            "content": {
              "application/json": {
                "schema": {
                  "type": "string"
                }
              }
            }
          }
        }
      },
      "delete": {
        "tags": [
          "user"
        ],
        "summary": "Delete user",
        "operationId": "deleteUser",
        "parameters": [
          {
            "name": "username",
            "in": "path",
            "required": true,
            "schema": {
              "type": "string"
            }
          }
        ],
        "responses": {
          "400": {
            "description": "Invalid username supplied",
            "content": {
              "application/json": {
                "schema": {
                  "type": "string"
                }
              }
            }
          },
          "404": {
            "description": "User not found",
            "content": {
              "application/json": {
                "schema": {
                  "type": "string"
                }
              }
            }
          }
        }
      }
    }
  },
  "components": {
    "schemas": {
      "Pet": {
        "type": "object",
        "properties": {
          "id": {
            "type": "integer"
          },
          "name": {
            "type": "string"
          },
          "category": {
            "$ref": "#/components/schemas/Category"
          },
          "photoUrls": {
            "type": "array",
            "items": {
              "type": "string"
            }
          },
          "tags": {
            "$ref": "#/components/schemas/Tag"
          },
          "status": {
            "type": "string",
            "enum": [
              "available",
              "pending",
              "sold"
            ]
          }
        },
        "required": [
          "id",
          "name",
          "category",
          "photoUrls",
          "tags",
          "status"
        ]
      },
      "Category": {
        "type": "object",
        "properties": {
          "id": {
            "type": "integer"
          },
          "name": {
            "type": "string"
          }
        },
        "required": [
          "id",
          "name"
        ]
      },
      "Tag": {
        "type": "array",
        "items": {
          "type": "object",
          "properties": {
            "id": {
              "type": "integer"
            },
            "name": {
              "type": "string"
            }
          },
          "required": [
            "id",
            "name"
          ]
        }
      },
      "ApiResponse": {
        "type": "object",
        "properties": {
          "code": {
            "type": "integer"
          },
          "message": {
            "type": "string"
          }
        },
        "required": [
          "code",
          "message"
        ]
      },
      "Order": {
        "type": "object",
        "properties": {
          "id": {
            "type": "integer"
          },
          "petId": {
            "type": "integer"
          },
          "quantity": {
            "type": "integer"
          },
          "shipDate": {
            "type": "string"
          },
          "status": {
            "type": "string"
          },
          "complete": {
            "type": "boolean"
          }
        },
        "required": [
          "id",
          "petId",
          "quantity",
          "shipDate",
          "status",
          "complete"
        ]
      },
      "User": {
        "type": "object",
        "properties": {
          "id": {
            "type": "integer"
          },
          "username": {
            "type": "string"
          },
          "firstName": {
            "type": "string"
          },
          "lastName": {
            "type": "string"
          },
          "email": {
            "type": "string"
          },
          "password": {
            "type": "string"
          },
          "phone": {
            "type": "string"
          },
          "userStatus": {
            "type": "integer"
          }
        },
        "required": [
          "id",
          "username",
          "firstName",
          "lastName",
          "email",
          "password",
          "phone",
          "userStatus"
        ]
      }
    },
    "securitySchemes": {
      "petstore_auth": {
        "type": "oauth2",
        "flows": {
          "implicit": {
            "authorizationUrl": "https://petstore.swagger.io/oauth/authorize",
            "scopes": {
              "write:pets": "modify pets in your account",
              "read:pets": "read your pets"
            }
          }
        }
      },
      "api_key": {
        "type": "apiKey",
        "name": "api_key",
        "in": "header"
      }
    }
  }
}
